ADMIN: Thiago_Street deu líder da org:[Civil] para Thiago_Street.
ADMIN: Thiago_Street deu líder da org:[Civil] para Thiago_Street.
PLAYER: Thiago_Street pediu contas de lider da org:[Civil]
ADMIN: Thiago_Street deu líder da org:[Civil] para Thiago_Street.
PLAYER: Thiago_Street pediu contas de lider da org:[Civil]
ADMIN: Thiago_Street deu líder da org:[Civil] para Thiago_Street.
ADMIN: Thiago_Street deu líder da org:[Civil] para Thiago_Street.
PLAYER: Thiago_Street pediu contas de lider da org:[Civil]
ADMIN: Thiago_Street deu líder da org:[Civil] para Thiago_Street.
PLAYER: Thiago_Street pediu contas de lider da org:[Civil]
ADMIN: Thiago_Street deu líder da org:[Civil] para Thiago_Street.
PLAYER: Thiago_Street pediu contas de lider da org:[Civil]
ADMIN: Thiago_Street deu líder da org:[Civil] para Thiago_Street.
PLAYER: Thiago_Street pediu contas de lider da org:[Civil]
ADMIN: Thiago_Street deu líder da org:[Civil] para Thiago_Street.
PLAYER: Thiago_Street pediu contas de lider da org:[Civil]
ADMIN: Thiago_Street deu líder da org:[Civil] para Thiago_Street.
PLAYER: Thiago_Street pediu contas de lider da org:[Civil]
ADMIN: Thiago_Street deu líder da org:[Civil] para Thiago_Street.
PLAYER: Thiago_Street pediu contas de lider da org:[Civil]
ADMIN: Thiago_Street deu líder da org:[Civil] para Thiago_Street.
PLAYER: Thiago_Street pediu contas de lider da org:[Civil]
ADMIN: Thiago_Street deu líder da org:[Civil] para Thiago_Street.
PLAYER: Thiago_Street pediu contas de lider da org:[Civil]
ADMIN: Thiago_Street deu líder da org:[Civil] para Thiago_Street.
PLAYER: Thiago_Street pediu contas de lider da org:[Civil]
ADMIN: Thiago_Street deu líder da org:[Civil] para Thiago_Street.
PLAYER: Thiago_Street pediu contas de lider da org:[Civil]
ADMIN: Thiago_Street deu líder da org:[Civil] para Thiago_Street.
PLAYER: Thiago_Street pediu contas de lider da org:[Civil]
ADMIN: Thiago_Street deu líder da org:[Civil] para Thiago_Street.
PLAYER: Thiago_Street pediu contas de lider da org:[Civil]
ADMIN: Thiago_Street deu líder da org:[Civil] para Thiago_Street.
PLAYER: Thiago_Street pediu contas de lider da org:[Civil]
ADMIN: Thiago_Street deu líder da org:[Civil] para Thiago_Street.
PLAYER: Thiago_Street pediu contas de lider da org:[Civil]
ADMIN: Thiago_Street deu líder da org:[Civil] para Thiago_Street.
PLAYER: Thiago_Street pediu contas de lider da org:[Civil]
ADMIN: Thiago_Street deu líder da org:[Civil] para Thiago_Street.
PLAYER: Thiago_Street pediu contas de lider da org:[Civil]
ADMIN: Thiago_Street deu líder da org:[Civil] para Thiago_Street.
PLAYER: Thiago_Street pediu contas de lider da org:[Civil]
ADMIN: Thiago_Street deu líder da org:[Civil] para Thiago_Street.
PLAYER: Thiago_Street pediu contas de lider da org:[Civil]
ADMIN: Thiago_Street deu líder da org:[Civil] para Thiago_Street.
PLAYER: Thiago_Street pediu contas de lider da org:[Civil]
ADMIN: Thiago_Street deu líder da org:[Civil] para Thiago_Street.
PLAYER: Thiago_Street pediu contas de lider da org:[Civil]
ADMIN: Thiago_Street deu líder da org:[Civil] para Thiago_Street.
PLAYER: Thiago_Street pediu contas de lider da org:[Civil]
ADMIN: Thiago_Street deu líder da org:[Civil] para Thiago_Street.
PLAYER: Thiago_Street pediu contas de lider da org:[Civil]
ADMIN: Thiago_Street deu líder da org:[Civil] para Thiago_Street.
PLAYER: Thiago_Street pediu contas de lider da org:[Civil]
ADMIN: Thiago_Street deu líder da org:[Civil] para Thiago_Street.
PLAYER: Thiago_Street pediu contas de lider da org:[Civil]
ADMIN: Thiago_Street deu líder da org:[Civil] para Thiago_Street.
PLAYER: Thiago_Street pediu contas de lider da org:[Civil]
ADMIN: Thiago_Street deu líder da org:[Civil] para Thiago_Street.
PLAYER: Thiago_Street pediu contas de lider da org:[Civil]
ADMIN: Thiago_Street deu líder da org:[Civil] para Thiago_Street.
PLAYER: Thiago_Street pediu contas de lider da org:[Civil]
ADMIN: Thiago_Street deu líder da org:[Civil] para Thiago_Street.
PLAYER: Thiago_Street pediu contas de lider da org:[Civil]
ADMIN: Thiago_Street deu líder da org:[Civil] para Thiago_Street.
PLAYER: Thiago_Street pediu contas de lider da org:[Civil]
ADMIN: Thiago_Street deu líder da org:[Civil] para Thiago_Street.
PLAYER: Thiago_Street pediu contas de lider da org:[Civil]
ADMIN: Thiago_Street deu líder da org:[Civil] para Thiago_Street.
PLAYER: Thiago_Street pediu contas de lider da org:[Civil]
ADMIN: Thiago_Street deu líder da org:[Civil] para Thiago_Street.
PLAYER: Thiago_Street pediu contas de lider da org:[Civil]
ADMIN: Thiago_Street deu líder da org:[Civil] para Thiago_Street.
PLAYER: Thiago_Street pediu contas de lider da org:[Civil]
ADMIN: Thiago_Street deu líder da org:[Civil] para Thiago_Street.
PLAYER: Thiago_Street pediu contas de lider da org:[Civil]
ADMIN: Thiago_Street deu líder da org:[Civil] para Thiago_Street.
PLAYER: Thiago_Street pediu contas de lider da org:[Civil]
ADMIN: Thiago_Street deu líder da org:[Civil] para Thiago_Street.
PLAYER: Thiago_Street pediu contas de lider da org:[Civil]
ADMIN: Thiago_Street deu líder da org:[Civil] para Thiago_Street.
PLAYER: Thiago_Street pediu contas de lider da org:[Civil]
ADMIN: Thiago_Street deu líder da org:[Civil] para Thiago_Street.
PLAYER: Thiago_Street pediu contas de lider da org:[Civil]
ADMIN: Thiago_Street deu líder da org:[Civil] para Thiago_Street.
ADMIN: Thiago_Street deu líder da org:[Civil] para Thiago_Street.
PLAYER: Thiago_Street pediu contas de lider da org:[Civil]
ADMIN: Thiago_Street deu líder da org:[Civil] para Thiago_Street.
PLAYER: Thiago_Street pediu contas de lider da org:[Civil]
ADMIN: Thiago_Street deu líder da org:[Civil] para Thiago_Street.
PLAYER: Thiago_Street pediu contas de lider da org:[Civil]
ADMIN: Thiago_Street limpou a vaga 26 do líder Thiago_Street
ADMIN: Thiago_Street deu líder da org:[Civil] para Thiago_Street.
PLAYER: Thiago_Street pediu contas de lider da org:[Civil]
ADMIN: Thiago_Street limpou a vaga 26 do líder Thiago_Street
ADMIN: Thiago_Street deu líder da org:[Civil] para Thiago_Street.
ADMIN: Thiago_Street limpou a vaga 1 do líder Ninguem
ADMIN: Thiago_Street limpou a vaga 1 do líder Ninguem
ADMIN: Thiago_Street deu líder da org:[Civil] para Thiago_Street.
PLAYER: Thiago_Street pediu contas de lider da org:[Civil]
ADMIN: Thiago_Street deu líder da org:[Civil] para Thiago_Street.
PLAYER: Thiago_Street pediu contas de lider da org:[Civil]
ADMIN: Thiago_Street deu líder da org:[Civil] para Thiago_Street.
ADMIN: ToaD_STooL limpou a vaga 1 do líder Ninguem
ADMIN: ToaD_STooL limpou a vaga 2 do líder Ninguem
ADMIN: ToaD_STooL limpou a vaga 3 do líder Ninguem
ADMIN: ToaD_STooL limpou a vaga 4 do líder Ninguem
ADMIN: ToaD_STooL limpou a vaga 5 do líder Ninguem
ADMIN: ToaD_STooL limpou a vaga 12 do líder Ninguem
ADMIN: ToaD_STooL limpou a vaga 27 do líder Thiago_Street
ADMIN: ToaD_STooL limpou a vaga 26 do líder Thiago_Street
ADMIN: ToaD_STooL limpou a vaga 11 do líder Thiago_Street
ADMIN: Gabriel_Extreme deu líder da org:[Polícia Militar] para Gabriel_Extreme.
PLAYER: Gabriel_Extreme pediu contas de lider da org:[Polícia Militar]
ADMIN: Gabriel_Extreme deu líder da org:[Civil] para Gabriel_Extreme.
ADMIN: ToaD_STooL deu líder da org:[Civil] para Netinhow_OwNer.
ADMIN: ToaD_STooL deu líder da org:[Civil] para ToaD_STooL.
PLAYER: ToaD_STooL pediu contas de lider da org:[Civil]
ADMIN: ToaD_STooL deu líder da org:[Civil] para ToaD_STooL.
ADMIN: ToaD_STooL deu líder da org:[Civil] para ToaD_STooL.
ADMIN: ToaD_STooL limpou a vaga 1 do líder ToaD_STooL
ADMIN: ToaD_STooL deu líder da org:[Civil] para ToaD_STooL.
PLAYER: ToaD_STooL pediu contas de lider da org:[Polícia Militar]
ADMIN: ToaD_STooL deu líder da org:[Civil] para ToaD_STooL.
ADMIN: KooPa_TrooP limpou a vaga 5 do líder ToaD_STooL
ADMIN: KooPa_TrooP deu líder da org:[Civil] para KooPa_TrooP.
ADMIN: Thiago_Street deu líder da org:[Civil] para Thiago_Street.
PLAYER: Thiago_Street pediu contas de lider da org:[Civil]
ADMIN: Thiago_Street deu líder da org:[Civil] para Thiago_Street.
PLAYER: Thiago_Street pediu contas de lider da org:[Civil]
ADMIN: Thiago_Street deu líder da org:[Civil] para Thiago_Street.
ADMIN: Gabriel_Adercio deu líder da org:[Civil] para Gabriel_Adercio.
ADMIN: Marcelo_Silva deu líder da org:[Civil] para Marcelo_Silva.
PLAYER: Marcelo_Silva pediu contas de lider da org:[Civil]
ADMIN: Marcelo_Silva deu líder da org:[Civil] para Marcelo_Silva.
PLAYER: Marcelo_Silva pediu contas de lider da org:[Civil]
ADMIN: Marcelo_Silva deu líder da org:[Civil] para Marcelo_Silva.
ADMIN: Marcelo_Silva limpou a vaga 26 do líder Netinhow_OwNer
ADMIN: Marcelo_Silva deu líder da org:[Civil] para Junior_Wilo.
ADMIN: KoTh_TuMpiKe limpou a vaga 12 do líder Gabriel_Extreme
ADMIN: KoTh_TuMpiKe deu líder da org:[Civil] para KoTh_TuMpiKe.
ADMIN: Henrique_Souza limpou a vaga 2 do líder ToaD_STooL
ADMIN: GusTavo_CorleoNe limpou a vaga 12 do líder KoTh_TuMpiKe
ADMIN: GusTavo_CorleoNe deu líder da org:[Civil] para GusTavo_CorleoNe.
ADMIN: GusTavo_CorleoNe limpou a vaga 12 do líder GusTavo_CorleoNe
ADMIN: GusTavo_CorleoNe deu líder da org:[Civil] para GusTavo_CorleoNe.
PLAYER: GusTavo_CorleoNe pediu contas de lider da org:[Civil]
ADMIN: GusTavo_CorleoNe deu líder da org:[Civil] para GusTavo_CorleoNe.
PLAYER: GusTavo_CorleoNe pediu contas de lider da org:[Civil]
ADMIN: GusTavo_CorleoNe deu líder da org:[Civil] para GusTavo_CorleoNe.
ADMIN: Vinix_Wonder deu líder da org:[Civil] para Vinix_Wonder.
ADMIN: iLu_VisioN deu líder da org:[Civil] para iLu_VisioN.
ADMIN: iLu_VisioN limpou a vaga 3 do líder Vinix_Wonder
ADMIN: iLu_VisioN limpou a vaga 27 do líder Ninguem
ADMIN: iLu_VisioN limpou a vaga 25 do líder iLu_VisioN
ADMIN: MarCelo_VisioN deu líder da org:[Civil] para MarCelo_VisioN.
PLAYER: MarCelo_VisioN pediu contas de lider da org:[Civil]
ADMIN: MarCelo_VisioN limpou a vaga 12 do líder GusTavo_CorleoNe
ADMIN: MarCelo_VisioN deu líder da org:[Civil] para MarCelo_VisioN.
PLAYER: MarCelo_VisioN pediu contas de lider da org:[Civil]
ADMIN: MarCelo_VisioN deu líder da org:[Civil] para MarCelo_VisioN.
ADMIN: MarCelo_VisioN limpou a vaga 14 do líder Gabriel_Adercio
ADMIN: MarCelo_VisioN deu líder da org:[Civil] para MarCelo_VisioN.
ADMIN: MarCelo_VisioN deu líder da org:[Civil] para MarCelo_VisioN.
PLAYER: MarCelo_VisioN pediu contas de lider da org:[Civil]
ADMIN: Thiago_Street deu líder da org:[Civil] para JeAn_SiNiStRoO.
ADMIN: Thiago_Street deu líder da org:[Civil] para Thiago_Street.
PLAYER: Thiago_Street pediu contas de lider da org:[Civil]
ADMIN: Thiago_Street deu líder da org:[Civil] para Thiago_Street.
ADMIN: Thiago_Street deu líder da org:[Civil] para Thiago_Street.
PLAYER: Thiago_Street pediu contas de lider da org:[Civil]
ADMIN: Thiago_Street deu líder da org:[Civil] para Thiago_Street.
PLAYER: Thiago_Street pediu contas de lider da org:[Civil]
ADMIN: Thiago_Street deu líder da org:[Civil] para Thiago_Street.
PLAYER: Thiago_Street pediu contas de lider da org:[Civil]
ADMIN: Thiago_Street deu líder da org:[Civil] para Thiago_Street.
PLAYER: Thiago_Street pediu contas de lider da org:[Civil]
ADMIN: Thiago_Street deu líder da org:[Civil] para Thiago_Street.
PLAYER: Thiago_Street pediu contas de lider da org:[Civil]
ADMIN: Thiago_Street deu líder da org:[Civil] para Thiago_Street.
PLAYER: Thiago_Street pediu contas de lider da org:[Civil]
ADMIN: Thiago_Street deu líder da org:[Civil] para Thiago_Street.
ADMIN: Thiago_Street limpou a vaga 12 do líder Thiago_Street
ADMIN: Thiago_Street deu líder da org:[Civil] para Thiago_Street.
PLAYER: Thiago_Street pediu contas de lider da org:[Civil]
ADMIN: Thiago_Street deu líder da org:[Civil] para Thiago_Street.
ADMIN: Thiago_Street deu líder da org:[Civil] para Thiago_Street.
ADMIN: Thiago_Street limpou a vaga 12 do líder Thiago_Street
ADMIN: Thiago_Street deu líder da org:[Civil] para Thiago_Street.
ADMIN: Thiago_Street deu líder da org:[Civil] para Thiago_Street.
ADMIN: Thiago_Street limpou a vaga 27 do líder Thiago_Street
ADMIN: Thiago_Street deu líder da org:[Civil] para Thiago_Street.
PLAYER: Thiago_Street pediu contas de lider da org:[Civil]
ADMIN: Thiago_Street deu líder da org:[Civil] para Thiago_Street.
ADMIN: Thiago_Street limpou a vaga 22 do líder Thiago_Street
ADMIN: Thiago_Street deu líder da org:[Civil] para Thiago_Street.
ADMIN: Thiago_Street limpou a vaga 22 do líder Thiago_Street
ADMIN: Thiago_Street deu líder da org:[Civil] para Thiago_Street.
PLAYER: Thiago_Street pediu contas de lider da org:[Civil]
ADMIN: Thiago_Street deu líder da org:[Civil] para Thiago_Street.
ADMIN: Thiago_Street deu líder da org:[Civil] para Thiago_Street.
ADMIN: Thiago_Street limpou a vaga 1 do líder Thiago_Street
ADMIN: Thiago_Street deu líder da org:[Polícia Militar] para Joker_mItO.
ADMIN: Thiago_Street limpou a vaga 1 do líder Joker_mItO
ADMIN: Thiago_Street deu líder da org:[Civil] para Joker_mItO.
ADMIN: Thiago_Street limpou a vaga 8 do líder Marcelo_Silva
ADMIN: Thiago_Street deu líder da org:[Civil] para Thiago_Street.
ADMIN: Thiago_Street limpou a vaga 12 do líder Thiago_Street
ADMIN: Thiago_Street deu líder da org:[Civil] para Thiago_Street.
PLAYER: Thiago_Street pediu contas de lider da org:[Civil]
ADMIN: Thiago_Street deu líder da org:[Civil] para Thiago_Street.
PLAYER: Thiago_Street pediu contas de lider da org:[Civil]
ADMIN: Thiago_Street limpou a vaga 18 do líder JeAn_SiNiStRoO
ADMIN: Thiago_Street deu líder da org:[Civil] para Thiago_Street.
ADMIN: Thiago_Street deu líder da org:[Civil] para Thiago_Street.
ADMIN: Thiago_Street limpou a vaga 1 do líder Thiago_Street
ADMIN: Thiago_Street deu líder da org:[Civil] para Thiago_Street.
ADMIN: Thiago_Street deu líder da org:[Civil] para Thiago_Street.
PLAYER: Thiago_Street pediu contas de lider da org:[Civil]
ADMIN: Thiago_Street limpou a vaga 2 do líder Thiago_Street
ADMIN: Thiago_Street deu líder da org:[Civil] para Thiago_Street.
PLAYER: Thiago_Street pediu contas de lider da org:[Civil]
ADMIN: Thiago_Street limpou a vaga 16 do líder Thiago_Street
ADMIN: Thiago_Street deu líder da org:[Civil] para Thiago_Street.
PLAYER: Thiago_Street pediu contas de lider da org:[Civil]
ADMIN: Thiago_Street deu líder da org:[Civil] para Thiago_Street.
ADMIN: GReeN_WOoD deu líder da org:[Polícia Militar] para Alien_Halls.
ADMIN: GReeN_WOoD limpou a vaga 1 do líder Alien_Halls
ADMIN: GReeN_WOoD deu líder da org:[Civil] para GReeN_WOoD.
PLAYER: GReeN_WOoD pediu contas de lider da org:[Polícia Militar]
ADMIN: GReeN_WOoD limpou a vaga 8 do líder Ninguem
ADMIN: GReeN_WOoD limpou a vaga 26 do líder Junior_Wilo
ADMIN: GReeN_WOoD limpou a vaga 22 do líder Joker_mItO
ADMIN: GReeN_WOoD limpou a vaga 16 do líder Thiago_Street
ADMIN: GReeN_WOoD deu líder da org:[Civil] para Alien_Halls.
ADMIN: GReeN_WOoD deu líder da org:[Civil] para GReeN_WOoD.
PLAYER: GReeN_WOoD pediu contas de lider da org:[Civil]
ADMIN: GReeN_WOoD limpou a vaga 16 do líder Alien_Halls
ADMIN: GReeN_WOoD deu líder da org:[Civil] para GReeN_WOoD.
ADMIN: GReeN_WOoD limpou a vaga 15 do líder Ninguem
ADMIN: GReeN_WOoD limpou a vaga 14 do líder MarCelo_VisioN
ADMIN: GReeN_WOoD deu líder da org:[Civil] para GReeN_WOoD.
ADMIN: GReeN_WOoD limpou a vaga 5 do líder KooPa_TrooP
ADMIN: GReeN_WOoD deu líder da org:[Civil] para GReeN_WOoD.
ADMIN: GReeN_WOoD limpou a vaga 2 do líder Thiago_Street
ADMIN: GReeN_WOoD limpou a vaga 5 do líder GReeN_WOoD
ADMIN: GReeN_WOoD deu líder da org:[Civil] para GReeN_WOoD.
ADMIN: GReeN_WOoD limpou a vaga 15 do líder Ninguem
ADMIN: GReeN_WOoD limpou a vaga 14 do líder GReeN_WOoD
ADMIN: GReeN_WOoD deu líder da org:[Civil] para GReeN_WOoD.
ADMIN: GReeN_WOoD limpou a vaga 5 do líder GReeN_WOoD
ADMIN: GReeN_WOoD deu líder da org:[Civil] para GReeN_WOoD.
ADMIN: GReeN_WOoD limpou a vaga 20 do líder Thiago_Street
ADMIN: GReeN_WOoD limpou a vaga 23 do líder Thiago_Street
PLAYER: GReeN_WOoD pediu contas de lider da org:[Civil]
ADMIN: GReeN_WOoD deu líder da org:[Civil] para GReeN_WOoD.
PLAYER: GReeN_WOoD pediu contas de lider da org:[Civil]
ADMIN: GReeN_WOoD deu líder da org:[Civil] para Rodrigo_Staff.
ADMIN: GReeN_WOoD deu líder da org:[Civil] para GReeN_WOoD.
ADMIN: GReeN_WOoD limpou a vaga 5 do líder Rodrigo_Staff
ADMIN: GReeN_WOoD limpou a vaga 14 do líder GReeN_WOoD
ADMIN: GReeN_WOoD deu líder da org:[Civil] para Rodrigo_Staff.
ADMIN: GReeN_WOoD deu líder da org:[Civil] para GReeN_WOoD.
ADMIN: GReeN_WOoD deu líder da org:[Civil] para Julio_Staff.
ADMIN: GReeN_WOoD deu líder da org:[Civil] para GReeN_WOoD.
ADMIN: GReeN_WOoD limpou a vaga 21 do líder Julio_Staff
ADMIN: GReeN_WOoD deu líder da org:[Civil] para GReeN_WOoD.
ADMIN: GReeN_WOoD deu líder da org:[Polícia Militar] para Rodrigo_Staff.
PLAYER: GReeN_WOoD pediu contas de lider da org:[Civil]
ADMIN: GReeN_WOoD limpou a vaga 1 do líder Rodrigo_Staff
ADMIN: GReeN_WOoD deu líder da org:[Civil] para GReeN_WOoD.
PLAYER: GReeN_WOoD pediu contas de lider da org:[Drifters]
ADMIN: GReeN_WOoD deu líder da org:[Civil] para GReeN_WOoD.
ADMIN: GReeN_WOoD deu líder da org:[Drifters] para GReeN_WOoD.
ADMIN: Thiago_Street limpou a vaga 14 do líder GReeN_WOoD
ADMIN: Thiago_Street deu líder da org:[Civil] para Thiago_Street.
ADMIN: Thiago_Street limpou a vaga 6 do líder Rodrigo_Staff
ADMIN: Thiago_Street deu líder da org:[Civil] para Thiago_Street.
PLAYER: Thiago_Street pediu contas de lider da org:[Civil]
ADMIN: Thiago_Street deu líder da org:[Civil] para Thiago_Street.
ADMIN: Thiago_Street limpou a vaga 21 do líder GReeN_WOoD
ADMIN: Thiago_Street deu líder da org:[Civil] para Thiago_Street.
PLAYER: Thiago_Street pediu contas de lider da org:[Civil]
ADMIN: Thiago_Street limpou a vaga 20 do líder GReeN_WOoD
ADMIN: Thiago_Street deu líder da org:[Civil] para Thiago_Street.
PLAYER: Thiago_Street pediu contas de lider da org:[Civil]
ADMIN: Thiago_Street limpou a vaga 21 do líder Thiago_Street
ADMIN: Thiago_Street deu líder da org:[Civil] para Thiago_Street.
ADMIN: Thiago_Street deu líder da org:[Civil] para Thiago_Street.
ADMIN: Thiago_Street deu líder da org:[Civil] para Julio_Alvim.
ADMIN: Thiago_Street limpou a vaga 22 do líder Julio_Alvim
ADMIN: Thiago_Street deu líder da org:[Civil] para Julio_Alvim.
PLAYER: Thiago_Street pediu contas de lider da org:[Civil]
ADMIN: Thiago_Street limpou a vaga 1 do líder GReeN_WOoD
ADMIN: Thiago_Street deu líder da org:[Civil] para Thiago_Street.
PLAYER: Thiago_Street pediu contas de lider da org:[Yakuza]
ADMIN: Thiago_Street deu líder da org:[Civil] para Thiago_Street.
PLAYER: Thiago_Street pediu contas de lider da org:[Civil]
ADMIN: Thiago_Street deu líder da org:[Civil] para Thiago_Street.
PLAYER: Thiago_Street pediu contas de lider da org:[Civil]
ADMIN: Thiago_Street deu líder da org:[Civil] para Thiago_Street.
PLAYER: Thiago_Street pediu contas de lider da org:[Civil]
ADMIN: Thiago_Street deu líder da org:[Civil] para Thiago_Street.
PLAYER: Thiago_Street pediu contas de lider da org:[Civil]
ADMIN: Thiago_Street deu líder da org:[Civil] para Thiago_Street.
PLAYER: Thiago_Street pediu contas de lider da org:[Civil]
ADMIN: Thiago_Street limpou a vaga 23 do líder GReeN_WOoD
ADMIN: Thiago_Street deu líder da org:[Civil] para Thiago_Street.
PLAYER: Thiago_Street pediu contas de lider da org:[Civil]
ADMIN: Thiago_Street deu líder da org:[Civil] para Thiago_Street.
PLAYER: Thiago_Street pediu contas de lider da org:[Civil]
ADMIN: Thiago_Street limpou a vaga 16 do líder GReeN_WOoD
ADMIN: Thiago_Street deu líder da org:[Civil] para Thiago_Street.
ADMIN: Slink_Halls limpou a vaga 16 do líder Thiago_Street
ADMIN: Slink_Halls deu líder da org:[Civil] para Slink_Halls.
ADMIN: Panico_Halls deu líder da org:[Civil] para Panico_Halls.
ADMIN: Panico_Halls deu líder da org:[Civil] para Enoois_quee.
PLAYER: Panico_Halls pediu contas de lider da org:[Civil]
ADMIN: Panico_Halls limpou a vaga 12 do líder Enoois_quee
ADMIN: Panico_Halls deu líder da org:[Civil] para Enoois_quee.
ADMIN: Panico_Halls limpou a vaga 11 do líder Enoois_quee
ADMIN: Panico_Halls limpou a vaga 10 do líder Ninguem
ADMIN: Panico_Halls deu líder da org:[Civil] para Panico_Halls.
ADMIN: Alien_Halls limpou a vaga 8 do líder Panico_Halls
ADMIN: Alien_Halls deu líder da org:[Civil] para Alien_Halls.
ADMIN: Alien_Halls limpou a vaga 8 do líder Alien_Halls
ADMIN: Alien_Halls limpou a vaga 1 do líder Ninguem
ADMIN: Alien_Halls limpou a vaga 2 do líder Ninguem
ADMIN: Alien_Halls limpou a vaga 3 do líder Ninguem
ADMIN: Alien_Halls limpou a vaga 4 do líder Ninguem
ADMIN: Alien_Halls limpou a vaga 5 do líder Ninguem
ADMIN: Alien_Halls limpou a vaga 6 do líder Ninguem
ADMIN: Alien_Halls limpou a vaga 7 do líder Ninguem
ADMIN: Alien_Halls limpou a vaga 8 do líder Ninguem
ADMIN: Alien_Halls limpou a vaga 9 do líder Ninguem
ADMIN: Alien_Halls limpou a vaga 10 do líder Ninguem
ADMIN: Alien_Halls limpou a vaga 11 do líder Ninguem
ADMIN: Alien_Halls limpou a vaga 12 do líder Ninguem
ADMIN: Alien_Halls limpou a vaga 13 do líder Julio_Alvim
ADMIN: Alien_Halls limpou a vaga 15 do líder Ninguem
ADMIN: Alien_Halls limpou a vaga 14 do líder Ninguem
ADMIN: Alien_Halls limpou a vaga 16 do líder Slink_Halls
ADMIN: Alien_Halls limpou a vaga 17 do líder Ninguem
ADMIN: Alien_Halls limpou a vaga 18 do líder Thiago_Street
ADMIN: Alien_Halls limpou a vaga 19 do líder GReeN_WOoD
ADMIN: Alien_Halls limpou a vaga 20 do líder Thiago_Street
ADMIN: Alien_Halls limpou a vaga 21 do líder Thiago_Street
ADMIN: Alien_Halls limpou a vaga 22 do líder Ninguem
ADMIN: Alien_Halls limpou a vaga 23 do líder Thiago_Street
ADMIN: Alien_Halls deu líder da org:[Civil] para Alien_Halls.
ADMIN: Alien_Halls limpou a vaga 13 do líder Alien_Halls
ADMIN: Alien_Halls deu líder da org:[Civil] para Alien_Halls.
ADMIN: Alien_Halls limpou a vaga 12 do líder Alien_Halls
ADMIN: Alien_Halls deu líder da org:[Civil] para Alien_Halls.
ADMIN: Alien_Halls limpou a vaga 1 do líder Alien_Halls
ADMIN: Alien_Halls deu líder da org:[Civil] para Alien_Halls.
ADMIN: Alien_Halls limpou a vaga 20 do líder Alien_Halls
ADMIN: Alien_Halls deu líder da org:[Civil] para Alien_Halls.
ADMIN: Alien_Halls limpou a vaga 14 do líder Alien_Halls
ADMIN: Alien_Halls deu líder da org:[Civil] para Alien_Halls.
ADMIN: Alien_Halls limpou a vaga 21 do líder Alien_Halls
ADMIN: Alien_Halls deu líder da org:[Civil] para Alien_Halls.
ADMIN: Alien_Halls limpou a vaga 20 do líder Ninguem
ADMIN: Alien_Halls limpou a vaga 14 do líder Ninguem
ADMIN: Alien_Halls limpou a vaga 8 do líder Alien_Halls
ADMIN: Alien_Halls deu líder da org:[Civil] para Alien_Halls.
ADMIN: Alien_Halls limpou a vaga 21 do líder Alien_Halls
ADMIN: Alien_Halls deu líder da org:[Civil] para Alien_Halls.
ADMIN: Alien_Halls limpou a vaga 1 do líder Alien_Halls
ADMIN: Alien_Halls deu líder da org:[Civil] para Alien_Halls.
ADMIN: Alien_Halls limpou a vaga 4 do líder Alien_Halls
ADMIN: Ilde_Cooper deu líder da org:[Civil] para Ilde_Cooper.
PLAYER: Ilde_Cooper pediu contas de lider da org:[Civil]
ADMIN: Ilde_Cooper deu líder da org:[Civil] para Ilde_Cooper.
ADMIN: Lest_ deu líder da org:[Civil] para Lest_.
PLAYER: Lest_ pediu contas de lider da org:[Civil]
ADMIN: Lest_ deu líder da org:[Civil] para Lest_.
