Thiago_Street usou /setgrana em Thiago_Street e setou 10000000
Thiago_Street usou /setgrana em Thiago_Street e setou 10000
Thiago_Street usou /setgrana em Thiago_Street e setou 100000
Thiago_Street usou /setgrana em Thiago_Street e setou 200000
Thiago_Street usou /setgrana em Thiago_Street e setou 100001
Thiago_Street usou /setgrana em Thiago_Street e setou 100001
Thiago_Street usou /setgrana em Thiago_Street e setou 10000000










Marcelo_Silva usou /setgrana em Marcelo_Silva e setou 1
Marcelo_Silva usou /setgrana em Marcelo_Silva e setou 1
Marcelo_Silva usou /setgrana em Marcelo_Silva e setou 100
Marcelo_Silva Transferido R$190 to Marcelo_Silva
iLu_VisioN usou /dargrana em iLu_VisioN e deu 5000
iLu_VisioN usou /dargrana em iLu_VisioN e deu 500
MarCelo_VisioN usou /setgrana em MarCelo_VisioN e setou 100000
GReeN_WOoD usou /setgrana em GReeN_WOoD e setou 20
Ruck_Staff Transferido R$1000 to GReeN_WOoD
GReeN_WOoD usou /setgrana em GReeN_WOoD e setou 100000
GReeN_WOoD usou /setgrana em Ruck_Staff e setou 500000
Thiago_Street usou /setgrana em Thiago_Street e setou 10000000
Thiago_Street usou /setgrana em Thiago_Street e setou 10000
Thiago_Street usou /setgrana em Thiago_Street e setou 100003
Thiago_Street usou /setgrana em Thiago_Street e setou 200
Thiago_Street usou /setgrana em Thiago_Street e setou 500
Thiago_Street usou /setgrana em Thiago_Street e setou 100
Thiago_Street usou /setgrana em Thiago_Street e setou 500
Thiago_Street usou /setgrana em Thiago_Street e setou 200
Thiago_Street usou /setgrana em Thiago_Street e setou 1000
Thiago_Street usou /setgrana em Thiago_Street e setou 1000
Thiago_Street usou /dargrana em Thiago_Street e deu 100
Thiago_Street usou /setgrana em Thiago_Street e setou 100
Thiago_Street usou /setgrana em Thiago_Street e setou 100
Thiago_Street usou /setgrana em Thiago_Street e setou 100
Thiago_Street usou /setgrana em Thiago_Street e setou 0
Thiago_Street usou /setgrana em Thiago_Street e setou 100
Thiago_Street usou /setgrana em Thiago_Street e setou 200
Thiago_Street usou /setgrana em Thiago_Street e setou 10
Thiago_Street usou /setgrana em Thiago_Street e setou 10
Thiago_Street usou /setgrana em Thiago_Street e setou 200
Thiago_Street usou /setgrana em Thiago_Street e setou 10
Thiago_Street usou /setgrana em Thiago_Street e setou 10
Thiago_Street usou /setgrana em Thiago_Street e setou 10
Thiago_Street usou /setgrana em Thiago_Street e setou 10
Thiago_Street usou /setgrana em Thiago_Street e setou 10
Thiago_Street usou /setgrana em Thiago_Street e setou 10
Thiago_Street usou /setgrana em Thiago_Street e setou 10
Thiago_Street usou /setgrana em Thiago_Street e setou 10
Thiago_Street usou /setgrana em Thiago_Street e setou 10
Thiago_Street usou /setgrana em Thiago_Street e setou 1
Thiago_Street usou /setgrana em Thiago_Street e setou 1
Thiago_Street usou /setgrana em Thiago_Street e setou 500
Thiago_Street usou /setgrana em Thiago_Street e setou 120
Thiago_Street usou /setgrana em Thiago_Street e setou 120
Thiago_Street usou /setgrana em Thiago_Street e setou 120
Thiago_Street usou /setgrana em Thiago_Street e setou 120
Thiago_Street usou /setgrana em Thiago_Street e setou 10
Thiago_Street usou /setgrana em Thiago_Street e setou 20000
Thiago_Street usou /setgrana em Thiago_Street e setou 0
Alien_Halls usou /dargrana em Alien_Halls e deu 99999999
Panico_Halls usou /dargrana em Panico_Halls e deu 10000000
Lest_ usou /dargrana em Lest_ e deu 10000
